PREHOOK: query: DROP VIEW xxx7
PREHOOK: type: DROPVIEW
POSTHOOK: query: DROP VIEW xxx7
POSTHOOK: type: DROPVIEW
PREHOOK: query: CREATE VIEW xxx7
PARTITIONED ON (key)
AS 
SELECT hr,key FROM srcpart
PREHOOK: type: CREATEVIEW
#### A masked pattern was here ####
POSTHOOK: query: CREATE VIEW xxx7
PARTITIONED ON (key)
AS 
SELECT hr,key FROM srcpart
POSTHOOK: type: CREATEVIEW
POSTHOOK: Output: default@xxx7
#### A masked pattern was here ####
FAILED: Error in semantic analysis: No partition predicate found for Alias "xxx7:srcpart" Table "srcpart"
FAILED: Error in semantic analysis: The query does not reference any valid partition. To run this query, set hive.mapred.mode=nonstrict
