PREHOOK: query: DROP VIEW xxx3
PREHOOK: type: DROPVIEW
POSTHOOK: query: DROP VIEW xxx3
POSTHOOK: type: DROPVIEW
PREHOOK: query: CREATE VIEW xxx3 AS SELECT * FROM src
PREHOOK: type: CREATEVIEW
#### A masked pattern was here ####
POSTHOOK: query: CREATE VIEW xxx3 AS SELECT * FROM src
POSTHOOK: type: CREATEVIEW
POSTHOOK: Output: default@xxx3
#### A masked pattern was here ####
PREHOOK: query: ALTER TABLE xxx3 REPLACE COLUMNS (xyz int)
PREHOOK: type: ALTERTABLE_REPLACECOLS
PREHOOK: Input: default@xxx3
PREHOOK: Output: default@xxx3
FAILED: Error in metadata: Cannot alter a view with ALTER TABLE
FAILED: Execution Error, return code 1 from org.apache.hadoop.hive.ql.exec.DDLTask
