PREHOOK: query: DROP VIEW av
PREHOOK: type: DROPVIEW
POSTHOOK: query: DROP VIEW av
POSTHOOK: type: DROPVIEW
PREHOOK: query: CREATE VIEW av AS SELECT * FROM src
PREHOOK: type: CREATEVIEW
#### A masked pattern was here ####
POSTHOOK: query: CREATE VIEW av AS SELECT * FROM src
POSTHOOK: type: CREATEVIEW
POSTHOOK: Output: default@av
#### A masked pattern was here ####
FAILED: Error in semantic analysis: ANALYZE is not supported for views
