PREHOOK: query: SELECT key FROM src
PREHOOK: type: QUERY
PREHOOK: Input: default@src
#### A masked pattern was here ####
FAILED: Execution Error, return code 1 from org.apache.hadoop.hive.ql.exec.MapRedTask
