FAILED: Error in semantic analysis: Line 2:50 Invalid table alias or column reference 'key': (possible column names are: _col0, _col1)
