FAILED: Error in semantic analysis: Line 2:52 Invalid column reference 'key'
