PREHOOK: query: create table `table_in_database_creation_not_exist.test` (a string)
PREHOOK: type: CREATETABLE
FAILED: Error in metadata: InvalidObjectException(message:There is no database named table_in_database_creation_not_exist)
FAILED: Execution Error, return code 1 from org.apache.hadoop.hive.ql.exec.DDLTask
