PREHOOK: query: DROP VIEW xxx18
PREHOOK: type: DROPVIEW
POSTHOOK: query: DROP VIEW xxx18
POSTHOOK: type: DROPVIEW
FAILED: Error in semantic analysis: Rightmost columns in view output do not match PARTITIONED ON clause
