FAILED: Hive Internal Error: java.lang.IllegalArgumentException(null)
java.lang.IllegalArgumentException
#### A masked pattern was here ####

