FAILED: Error in semantic analysis: Line 1:7 Invalid table alias or column reference 'a': (possible column names are: key, value)
