FAILED: Error in semantic analysis: No partition predicate found for Alias "x" Table "srcpart"
