FAILED: Parse Error: line 1:7 Failed to recognize predicate 'tabl'. Failed rule: 'kwRole' in create role

