FAILED: Error in semantic analysis: Line 5:12 Invalid table alias 'b'
