FAILED: Error in semantic analysis: Line 1:15 Expression not in GROUP BY key 'key'
