PREHOOK: query: -- protect mode: syntax to change protect mode works and queries to drop partitions are blocked if it is marked no drop

drop table tbl_protectmode_no_drop
PREHOOK: type: DROPTABLE
POSTHOOK: query: -- protect mode: syntax to change protect mode works and queries to drop partitions are blocked if it is marked no drop

drop table tbl_protectmode_no_drop
POSTHOOK: type: DROPTABLE
PREHOOK: query: create table tbl_protectmode_no_drop  (c1 string,c2 string) partitioned by (p string)
PREHOOK: type: CREATETABLE
POSTHOOK: query: create table tbl_protectmode_no_drop  (c1 string,c2 string) partitioned by (p string)
POSTHOOK: type: CREATETABLE
POSTHOOK: Output: default@tbl_protectmode_no_drop
PREHOOK: query: alter table tbl_protectmode_no_drop add partition (p='p1')
PREHOOK: type: ALTERTABLE_ADDPARTS
PREHOOK: Input: default@tbl_protectmode_no_drop
POSTHOOK: query: alter table tbl_protectmode_no_drop add partition (p='p1')
POSTHOOK: type: ALTERTABLE_ADDPARTS
POSTHOOK: Input: default@tbl_protectmode_no_drop
POSTHOOK: Output: default@tbl_protectmode_no_drop@p=p1
PREHOOK: query: alter table tbl_protectmode_no_drop partition (p='p1') enable no_drop
PREHOOK: type: ALTERPARTITION_PROTECTMODE
PREHOOK: Input: default@tbl_protectmode_no_drop
PREHOOK: Output: default@tbl_protectmode_no_drop@p=p1
POSTHOOK: query: alter table tbl_protectmode_no_drop partition (p='p1') enable no_drop
POSTHOOK: type: ALTERPARTITION_PROTECTMODE
POSTHOOK: Input: default@tbl_protectmode_no_drop
POSTHOOK: Input: default@tbl_protectmode_no_drop@p=p1
POSTHOOK: Output: default@tbl_protectmode_no_drop@p=p1
PREHOOK: query: desc extended tbl_protectmode_no_drop partition (p='p1')
PREHOOK: type: DESCTABLE
POSTHOOK: query: desc extended tbl_protectmode_no_drop partition (p='p1')
POSTHOOK: type: DESCTABLE
c1	string	
c2	string	
p	string	
	 	 
#### A masked pattern was here ####
PREHOOK: query: alter table tbl_protectmode_no_drop drop partition (p='p1')
PREHOOK: type: ALTERTABLE_DROPPARTS
PREHOOK: Input: default@tbl_protectmode_no_drop
PREHOOK: Output: default@tbl_protectmode_no_drop@p=p1
FAILED: Error in metadata: Table tbl_protectmode_no_drop Partition p=p1 is protected from being dropped
FAILED: Execution Error, return code 1 from org.apache.hadoop.hive.ql.exec.DDLTask
