FAILED: Error in semantic analysis: Line 2:70 Invalid table alias or column reference 'b': (possible column names are: _col0, _col1)
