FAILED: Error in semantic analysis: 3:32 Percentage sampling is not supported in org.apache.hadoop.hive.ql.io.HiveInputFormat. Error encountered near token '1'
