FAILED: Error in semantic analysis: Line 2:7 Arguments length mismatch '3': The function SORT_ARRAY(array(obj1, obj2,...)) needs one argument.
