FAILED: Error in semantic analysis: Line 2:7 Arguments length mismatch 'printf': The function PRINTF(String format, Obj... args) needs at least one arguments.
