FAILED: Error in semantic analysis: Line 1:7 Arguments length mismatch ''abcd'': The function INSTR accepts exactly 2 arguments.
