FAILED: Error in semantic analysis: Line 2:7 Arguments length mismatch ''-'': The function CONCAT_WS(separator,[string | array(string)]+) needs at least two arguments.
