FAILED: Error in semantic analysis: Line 1:12 Argument type mismatch ''wrong type: string'': "map" or "list" is expected at function SIZE, but "string" is found
