FAILED: Error in semantic analysis: Line 1:18 Argument type mismatch '4': "map" is expected at function MAP_VALUES, but "array<int>" is found
