FAILED: Error in semantic analysis: explode() takes only one argument
