PREHOOK: query: drop table tstsrcpart
PREHOOK: type: DROPTABLE
POSTHOOK: query: drop table tstsrcpart
POSTHOOK: type: DROPTABLE
PREHOOK: query: create table tstsrcpart like srcpart
PREHOOK: type: CREATETABLE
POSTHOOK: query: create table tstsrcpart like srcpart
POSTHOOK: type: CREATETABLE
POSTHOOK: Output: default@tstsrcpart
PREHOOK: query: load data local inpath '../data/files/archive_corrupt.rc' overwrite into table tstsrcpart partition (ds='2008-04-08', hr='11')
PREHOOK: type: LOAD
PREHOOK: Output: default@tstsrcpart
POSTHOOK: query: load data local inpath '../data/files/archive_corrupt.rc' overwrite into table tstsrcpart partition (ds='2008-04-08', hr='11')
POSTHOOK: type: LOAD
POSTHOOK: Output: default@tstsrcpart
POSTHOOK: Output: default@tstsrcpart@ds=2008-04-08/hr=11
PREHOOK: query: insert overwrite table tstsrcpart partition (ds='2008-04-08', hr='12')
select key, value from srcpart where ds='2008-04-08' and hr='12'
PREHOOK: type: QUERY
PREHOOK: Input: default@srcpart@ds=2008-04-08/hr=12
PREHOOK: Output: default@tstsrcpart@ds=2008-04-08/hr=12
POSTHOOK: query: insert overwrite table tstsrcpart partition (ds='2008-04-08', hr='12')
select key, value from srcpart where ds='2008-04-08' and hr='12'
POSTHOOK: type: QUERY
POSTHOOK: Input: default@srcpart@ds=2008-04-08/hr=12
POSTHOOK: Output: default@tstsrcpart@ds=2008-04-08/hr=12
POSTHOOK: Lineage: tstsrcpart PARTITION(ds=2008-04-08,hr=12).key SIMPLE [(srcpart)srcpart.FieldSchema(name:key, type:string, comment:default), ]
POSTHOOK: Lineage: tstsrcpart PARTITION(ds=2008-04-08,hr=12).value SIMPLE [(srcpart)srcpart.FieldSchema(name:value, type:string, comment:default), ]
PREHOOK: query: insert overwrite table tstsrcpart partition (ds='2008-04-09', hr='11')
select key, value from srcpart where ds='2008-04-09' and hr='11'
PREHOOK: type: QUERY
PREHOOK: Input: default@srcpart@ds=2008-04-09/hr=11
PREHOOK: Output: default@tstsrcpart@ds=2008-04-09/hr=11
POSTHOOK: query: insert overwrite table tstsrcpart partition (ds='2008-04-09', hr='11')
select key, value from srcpart where ds='2008-04-09' and hr='11'
POSTHOOK: type: QUERY
POSTHOOK: Input: default@srcpart@ds=2008-04-09/hr=11
POSTHOOK: Output: default@tstsrcpart@ds=2008-04-09/hr=11
POSTHOOK: Lineage: tstsrcpart PARTITION(ds=2008-04-08,hr=12).key SIMPLE [(srcpart)srcpart.FieldSchema(name:key, type:string, comment:default), ]
POSTHOOK: Lineage: tstsrcpart PARTITION(ds=2008-04-08,hr=12).value SIMPLE [(srcpart)srcpart.FieldSchema(name:value, type:string, comment:default), ]
POSTHOOK: Lineage: tstsrcpart PARTITION(ds=2008-04-09,hr=11).key SIMPLE [(srcpart)srcpart.FieldSchema(name:key, type:string, comment:default), ]
POSTHOOK: Lineage: tstsrcpart PARTITION(ds=2008-04-09,hr=11).value SIMPLE [(srcpart)srcpart.FieldSchema(name:value, type:string, comment:default), ]
PREHOOK: query: insert overwrite table tstsrcpart partition (ds='2008-04-09', hr='12')
select key, value from srcpart where ds='2008-04-09' and hr='12'
PREHOOK: type: QUERY
PREHOOK: Input: default@srcpart@ds=2008-04-09/hr=12
PREHOOK: Output: default@tstsrcpart@ds=2008-04-09/hr=12
POSTHOOK: query: insert overwrite table tstsrcpart partition (ds='2008-04-09', hr='12')
select key, value from srcpart where ds='2008-04-09' and hr='12'
POSTHOOK: type: QUERY
POSTHOOK: Input: default@srcpart@ds=2008-04-09/hr=12
POSTHOOK: Output: default@tstsrcpart@ds=2008-04-09/hr=12
POSTHOOK: Lineage: tstsrcpart PARTITION(ds=2008-04-08,hr=12).key SIMPLE [(srcpart)srcpart.FieldSchema(name:key, type:string, comment:default), ]
POSTHOOK: Lineage: tstsrcpart PARTITION(ds=2008-04-08,hr=12).value SIMPLE [(srcpart)srcpart.FieldSchema(name:value, type:string, comment:default), ]
POSTHOOK: Lineage: tstsrcpart PARTITION(ds=2008-04-09,hr=11).key SIMPLE [(srcpart)srcpart.FieldSchema(name:key, type:string, comment:default), ]
POSTHOOK: Lineage: tstsrcpart PARTITION(ds=2008-04-09,hr=11).value SIMPLE [(srcpart)srcpart.FieldSchema(name:value, type:string, comment:default), ]
POSTHOOK: Lineage: tstsrcpart PARTITION(ds=2008-04-09,hr=12).key SIMPLE [(srcpart)srcpart.FieldSchema(name:key, type:string, comment:default), ]
POSTHOOK: Lineage: tstsrcpart PARTITION(ds=2008-04-09,hr=12).value SIMPLE [(srcpart)srcpart.FieldSchema(name:value, type:string, comment:default), ]
PREHOOK: query: -- EXCLUDE_HADOOP_MAJOR_VERSIONS(0.17, 0.18, 0.19)

describe extended tstsrcpart partition (ds='2008-04-08', hr='11')
PREHOOK: type: DESCTABLE
POSTHOOK: query: -- EXCLUDE_HADOOP_MAJOR_VERSIONS(0.17, 0.18, 0.19)

describe extended tstsrcpart partition (ds='2008-04-08', hr='11')
POSTHOOK: type: DESCTABLE
POSTHOOK: Lineage: tstsrcpart PARTITION(ds=2008-04-08,hr=12).key SIMPLE [(srcpart)srcpart.FieldSchema(name:key, type:string, comment:default), ]
POSTHOOK: Lineage: tstsrcpart PARTITION(ds=2008-04-08,hr=12).value SIMPLE [(srcpart)srcpart.FieldSchema(name:value, type:string, comment:default), ]
POSTHOOK: Lineage: tstsrcpart PARTITION(ds=2008-04-09,hr=11).key SIMPLE [(srcpart)srcpart.FieldSchema(name:key, type:string, comment:default), ]
POSTHOOK: Lineage: tstsrcpart PARTITION(ds=2008-04-09,hr=11).value SIMPLE [(srcpart)srcpart.FieldSchema(name:value, type:string, comment:default), ]
POSTHOOK: Lineage: tstsrcpart PARTITION(ds=2008-04-09,hr=12).key SIMPLE [(srcpart)srcpart.FieldSchema(name:key, type:string, comment:default), ]
POSTHOOK: Lineage: tstsrcpart PARTITION(ds=2008-04-09,hr=12).value SIMPLE [(srcpart)srcpart.FieldSchema(name:value, type:string, comment:default), ]
key	string	default
value	string	default
ds	string	
hr	string	
	 	 
#### A masked pattern was here ####
PREHOOK: query: alter table tstsrcpart archive partition (ds='2008-04-08', hr='11')
PREHOOK: type: ALTERTABLE_ARCHIVE
PREHOOK: Input: default@tstsrcpart
PREHOOK: Output: default@tstsrcpart@ds=2008-04-08/hr=11
POSTHOOK: query: alter table tstsrcpart archive partition (ds='2008-04-08', hr='11')
POSTHOOK: type: ALTERTABLE_ARCHIVE
POSTHOOK: Input: default@tstsrcpart
POSTHOOK: Output: default@tstsrcpart@ds=2008-04-08/hr=11
POSTHOOK: Lineage: tstsrcpart PARTITION(ds=2008-04-08,hr=12).key SIMPLE [(srcpart)srcpart.FieldSchema(name:key, type:string, comment:default), ]
POSTHOOK: Lineage: tstsrcpart PARTITION(ds=2008-04-08,hr=12).value SIMPLE [(srcpart)srcpart.FieldSchema(name:value, type:string, comment:default), ]
POSTHOOK: Lineage: tstsrcpart PARTITION(ds=2008-04-09,hr=11).key SIMPLE [(srcpart)srcpart.FieldSchema(name:key, type:string, comment:default), ]
POSTHOOK: Lineage: tstsrcpart PARTITION(ds=2008-04-09,hr=11).value SIMPLE [(srcpart)srcpart.FieldSchema(name:value, type:string, comment:default), ]
POSTHOOK: Lineage: tstsrcpart PARTITION(ds=2008-04-09,hr=12).key SIMPLE [(srcpart)srcpart.FieldSchema(name:key, type:string, comment:default), ]
POSTHOOK: Lineage: tstsrcpart PARTITION(ds=2008-04-09,hr=12).value SIMPLE [(srcpart)srcpart.FieldSchema(name:value, type:string, comment:default), ]
PREHOOK: query: describe extended tstsrcpart partition (ds='2008-04-08', hr='11')
PREHOOK: type: DESCTABLE
POSTHOOK: query: describe extended tstsrcpart partition (ds='2008-04-08', hr='11')
POSTHOOK: type: DESCTABLE
POSTHOOK: Lineage: tstsrcpart PARTITION(ds=2008-04-08,hr=12).key SIMPLE [(srcpart)srcpart.FieldSchema(name:key, type:string, comment:default), ]
POSTHOOK: Lineage: tstsrcpart PARTITION(ds=2008-04-08,hr=12).value SIMPLE [(srcpart)srcpart.FieldSchema(name:value, type:string, comment:default), ]
POSTHOOK: Lineage: tstsrcpart PARTITION(ds=2008-04-09,hr=11).key SIMPLE [(srcpart)srcpart.FieldSchema(name:key, type:string, comment:default), ]
POSTHOOK: Lineage: tstsrcpart PARTITION(ds=2008-04-09,hr=11).value SIMPLE [(srcpart)srcpart.FieldSchema(name:value, type:string, comment:default), ]
POSTHOOK: Lineage: tstsrcpart PARTITION(ds=2008-04-09,hr=12).key SIMPLE [(srcpart)srcpart.FieldSchema(name:key, type:string, comment:default), ]
POSTHOOK: Lineage: tstsrcpart PARTITION(ds=2008-04-09,hr=12).value SIMPLE [(srcpart)srcpart.FieldSchema(name:value, type:string, comment:default), ]
key	string	default
value	string	default
ds	string	
hr	string	
	 	 
#### A masked pattern was here ####
PREHOOK: query: alter table tstsrcpart unarchive partition (ds='2008-04-08', hr='11')
PREHOOK: type: ALTERTABLE_UNARCHIVE
PREHOOK: Input: default@tstsrcpart
PREHOOK: Output: default@tstsrcpart@ds=2008-04-08/hr=11
POSTHOOK: query: alter table tstsrcpart unarchive partition (ds='2008-04-08', hr='11')
POSTHOOK: type: ALTERTABLE_UNARCHIVE
POSTHOOK: Input: default@tstsrcpart
POSTHOOK: Output: default@tstsrcpart@ds=2008-04-08/hr=11
POSTHOOK: Lineage: tstsrcpart PARTITION(ds=2008-04-08,hr=12).key SIMPLE [(srcpart)srcpart.FieldSchema(name:key, type:string, comment:default), ]
POSTHOOK: Lineage: tstsrcpart PARTITION(ds=2008-04-08,hr=12).value SIMPLE [(srcpart)srcpart.FieldSchema(name:value, type:string, comment:default), ]
POSTHOOK: Lineage: tstsrcpart PARTITION(ds=2008-04-09,hr=11).key SIMPLE [(srcpart)srcpart.FieldSchema(name:key, type:string, comment:default), ]
POSTHOOK: Lineage: tstsrcpart PARTITION(ds=2008-04-09,hr=11).value SIMPLE [(srcpart)srcpart.FieldSchema(name:value, type:string, comment:default), ]
POSTHOOK: Lineage: tstsrcpart PARTITION(ds=2008-04-09,hr=12).key SIMPLE [(srcpart)srcpart.FieldSchema(name:key, type:string, comment:default), ]
POSTHOOK: Lineage: tstsrcpart PARTITION(ds=2008-04-09,hr=12).value SIMPLE [(srcpart)srcpart.FieldSchema(name:value, type:string, comment:default), ]
