PREHOOK: query: create table nulltbl(key int) partitioned by (ds string)
PREHOOK: type: CREATETABLE
POSTHOOK: query: create table nulltbl(key int) partitioned by (ds string)
POSTHOOK: type: CREATETABLE
POSTHOOK: Output: default@nulltbl
PREHOOK: query: select key from nulltbl where ds='101'
PREHOOK: type: QUERY
#### A masked pattern was here ####
POSTHOOK: query: select key from nulltbl where ds='101'
POSTHOOK: type: QUERY
#### A masked pattern was here ####
PREHOOK: query: select count(1) from nulltbl where ds='101'
PREHOOK: type: QUERY
#### A masked pattern was here ####
POSTHOOK: query: select count(1) from nulltbl where ds='101'
POSTHOOK: type: QUERY
#### A masked pattern was here ####
0
