PREHOOK: query: EXPLAIN SELECT * FROM src where key="value1"
PREHOOK: type: QUERY
POSTHOOK: query: EXPLAIN SELECT * FROM src where key="value1"
POSTHOOK: type: QUERY
ABSTRACT SYNTAX TREE:
  (TOK_QUERY (TOK_FROM (TOK_TABREF (TOK_TABNAME src))) (TOK_INSERT (TOK_DESTINATION (TOK_DIR TOK_TMP_FILE)) (TOK_SELECT (TOK_SELEXPR TOK_ALLCOLREF)) (TOK_WHERE (= (TOK_TABLE_OR_COL key) "value1"))))

STAGE DEPENDENCIES:
  Stage-1 is a root stage
  Stage-0 is a root stage

STAGE PLANS:
  Stage: Stage-1
    Map Reduce
      Alias -> Map Operator Tree:
        src 
          TableScan
            alias: src
            Filter Operator
              predicate:
                  expr: (key = 'value1')
                  type: boolean
              Select Operator
                expressions:
                      expr: key
                      type: string
                      expr: value
                      type: string
                outputColumnNames: _col0, _col1
                File Output Operator
                  compressed: false
                  GlobalTableId: 0
                  table:
                      input format: org.apache.hadoop.mapred.TextInputFormat
                      output format: org.apache.hadoop.hive.ql.io.HiveIgnoreKeyTextOutputFormat

  Stage: Stage-0
    Fetch Operator
      limit: -1


PREHOOK: query: EXPLAIN SELECT * FROM src where key="value1"
PREHOOK: type: QUERY
POSTHOOK: query: EXPLAIN SELECT * FROM src where key="value1"
POSTHOOK: type: QUERY
ABSTRACT SYNTAX TREE:
  (TOK_QUERY (TOK_FROM (TOK_TABREF (TOK_TABNAME src))) (TOK_INSERT (TOK_DESTINATION (TOK_DIR TOK_TMP_FILE)) (TOK_SELECT (TOK_SELEXPR TOK_ALLCOLREF)) (TOK_WHERE (= (TOK_TABLE_OR_COL key) "value1"))))

STAGE DEPENDENCIES:
  Stage-1 is a root stage
  Stage-0 is a root stage

STAGE PLANS:
  Stage: Stage-1
    Map Reduce
      Alias -> Map Operator Tree:
        src 
          TableScan
            alias: src
            Filter Operator
              predicate:
                  expr: (key = 'value1')
                  type: boolean
              Select Operator
                expressions:
                      expr: key
                      type: string
                      expr: value
                      type: string
                outputColumnNames: _col0, _col1
                File Output Operator
                  compressed: false
                  GlobalTableId: 0
                  table:
                      input format: org.apache.hadoop.mapred.TextInputFormat
                      output format: org.apache.hadoop.hive.ql.io.HiveIgnoreKeyTextOutputFormat

  Stage: Stage-0
    Fetch Operator
      limit: -1


PREHOOK: query: EXPLAIN SELECT * FROM src where key="1"
PREHOOK: type: QUERY
POSTHOOK: query: EXPLAIN SELECT * FROM src where key="1"
POSTHOOK: type: QUERY
ABSTRACT SYNTAX TREE:
  (TOK_QUERY (TOK_FROM (TOK_TABREF (TOK_TABNAME src))) (TOK_INSERT (TOK_DESTINATION (TOK_DIR TOK_TMP_FILE)) (TOK_SELECT (TOK_SELEXPR TOK_ALLCOLREF)) (TOK_WHERE (= (TOK_TABLE_OR_COL key) "1"))))

STAGE DEPENDENCIES:
  Stage-1 is a root stage
  Stage-0 is a root stage

STAGE PLANS:
  Stage: Stage-1
    Map Reduce
      Alias -> Map Operator Tree:
        src 
          TableScan
            alias: src
            Filter Operator
              predicate:
                  expr: (key = '1')
                  type: boolean
              Select Operator
                expressions:
                      expr: key
                      type: string
                      expr: value
                      type: string
                outputColumnNames: _col0, _col1
                File Output Operator
                  compressed: false
                  GlobalTableId: 0
                  table:
                      input format: org.apache.hadoop.mapred.TextInputFormat
                      output format: org.apache.hadoop.hive.ql.io.HiveIgnoreKeyTextOutputFormat

  Stage: Stage-0
    Fetch Operator
      limit: -1


hivevar:a=1
hivevar:b=a
hivevar:c=1
hivevar:key1=value1
