PREHOOK: query: create table analyze_src as select * from src
PREHOOK: type: CREATETABLE_AS_SELECT
PREHOOK: Input: default@src
POSTHOOK: query: create table analyze_src as select * from src
POSTHOOK: type: CREATETABLE_AS_SELECT
POSTHOOK: Input: default@src
POSTHOOK: Output: default@analyze_src
PREHOOK: query: explain analyze table analyze_src compute statistics
PREHOOK: type: QUERY
POSTHOOK: query: explain analyze table analyze_src compute statistics
POSTHOOK: type: QUERY
ABSTRACT SYNTAX TREE:
  (TOK_ANALYZE (TOK_TAB (TOK_TABNAME analyze_src)))

STAGE DEPENDENCIES:
  Stage-0 is a root stage
  Stage-1 depends on stages: Stage-0

STAGE PLANS:
  Stage: Stage-0
    Map Reduce
      Alias -> Map Operator Tree:
        analyze_src 
          TableScan
            alias: analyze_src

  Stage: Stage-1
    Stats-Aggr Operator


PREHOOK: query: analyze table analyze_src compute statistics
PREHOOK: type: QUERY
PREHOOK: Input: default@analyze_src
PREHOOK: Output: default@analyze_src
POSTHOOK: query: analyze table analyze_src compute statistics
POSTHOOK: type: QUERY
POSTHOOK: Input: default@analyze_src
POSTHOOK: Output: default@analyze_src
PREHOOK: query: describe extended analyze_src
PREHOOK: type: DESCTABLE
POSTHOOK: query: describe extended analyze_src
POSTHOOK: type: DESCTABLE
key	string	
value	string	
	 	 
#### A masked pattern was here ####
