PREHOOK: query: DESCRIBE FUNCTION unix_timestamp
PREHOOK: type: DESCFUNCTION
POSTHOOK: query: DESCRIBE FUNCTION unix_timestamp
POSTHOOK: type: DESCFUNCTION
unix_timestamp([date[, pattern]]) - Returns the UNIX timestamp
PREHOOK: query: DESCRIBE FUNCTION EXTENDED unix_timestamp
PREHOOK: type: DESCFUNCTION
POSTHOOK: query: DESCRIBE FUNCTION EXTENDED unix_timestamp
POSTHOOK: type: DESCFUNCTION
unix_timestamp([date[, pattern]]) - Returns the UNIX timestamp
Converts the current or specified time to number of seconds since 1970-01-01.
PREHOOK: query: SELECT
  '2009-03-20 11:30:01',
  unix_timestamp('2009-03-20 11:30:01')
FROM src LIMIT 1
PREHOOK: type: QUERY
PREHOOK: Input: default@src
#### A masked pattern was here ####
POSTHOOK: query: SELECT
  '2009-03-20 11:30:01',
  unix_timestamp('2009-03-20 11:30:01')
FROM src LIMIT 1
POSTHOOK: type: QUERY
POSTHOOK: Input: default@src
#### A masked pattern was here ####
2009-03-20 11:30:01	1237573801
PREHOOK: query: SELECT
  '2009-03-20',
  unix_timestamp('2009-03-20', 'yyyy-MM-dd')
FROM src LIMIT 1
PREHOOK: type: QUERY
PREHOOK: Input: default@src
#### A masked pattern was here ####
POSTHOOK: query: SELECT
  '2009-03-20',
  unix_timestamp('2009-03-20', 'yyyy-MM-dd')
FROM src LIMIT 1
POSTHOOK: type: QUERY
POSTHOOK: Input: default@src
#### A masked pattern was here ####
2009-03-20	1237532400
PREHOOK: query: SELECT
  '2009 Mar 20 11:30:01 am',
  unix_timestamp('2009 Mar 20 11:30:01 am', 'yyyy MMM dd h:mm:ss a')
FROM src LIMIT 1
PREHOOK: type: QUERY
PREHOOK: Input: default@src
#### A masked pattern was here ####
POSTHOOK: query: SELECT
  '2009 Mar 20 11:30:01 am',
  unix_timestamp('2009 Mar 20 11:30:01 am', 'yyyy MMM dd h:mm:ss a')
FROM src LIMIT 1
POSTHOOK: type: QUERY
POSTHOOK: Input: default@src
#### A masked pattern was here ####
2009 Mar 20 11:30:01 am	1237573801
PREHOOK: query: SELECT
  'random_string',
  unix_timestamp('random_string')
FROM src LIMIT 1
PREHOOK: type: QUERY
PREHOOK: Input: default@src
#### A masked pattern was here ####
POSTHOOK: query: SELECT
  'random_string',
  unix_timestamp('random_string')
FROM src LIMIT 1
POSTHOOK: type: QUERY
POSTHOOK: Input: default@src
#### A masked pattern was here ####
random_string	NULL
