PREHOOK: query: DESCRIBE FUNCTION get_json_object
PREHOOK: type: DESCFUNCTION
POSTHOOK: query: DESCRIBE FUNCTION get_json_object
POSTHOOK: type: DESCFUNCTION
get_json_object(json_txt, path) - Extract a json object from path 
PREHOOK: query: DESCRIBE FUNCTION EXTENDED get_json_object
PREHOOK: type: DESCFUNCTION
POSTHOOK: query: DESCRIBE FUNCTION EXTENDED get_json_object
POSTHOOK: type: DESCFUNCTION
get_json_object(json_txt, path) - Extract a json object from path 
Extract json object from a json string based on json path specified, and return json string of the extracted json object. It will return null if the input json string is invalid.
A limited version of JSONPath supported:
  $   : Root object
  .   : Child operator
  []  : Subscript operator for array
  *   : Wildcard for []
Syntax not supported that's worth noticing:
  ''  : Zero length string as key
  ..  : Recursive descent
  &amp;#064;   : Current object/element
  ()  : Script expression
  ?() : Filter (script) expression.
  [,] : Union operator
  [start:end:step] : array slice operator

PREHOOK: query: CREATE TABLE dest1(c1 STRING) STORED AS TEXTFILE
PREHOOK: type: CREATETABLE
POSTHOOK: query: CREATE TABLE dest1(c1 STRING) STORED AS TEXTFILE
POSTHOOK: type: CREATETABLE
POSTHOOK: Output: default@dest1
PREHOOK: query: FROM src INSERT OVERWRITE TABLE dest1 SELECT '  abc  ' WHERE src.key = 86
PREHOOK: type: QUERY
PREHOOK: Input: default@src
PREHOOK: Output: default@dest1
POSTHOOK: query: FROM src INSERT OVERWRITE TABLE dest1 SELECT '  abc  ' WHERE src.key = 86
POSTHOOK: type: QUERY
POSTHOOK: Input: default@src
POSTHOOK: Output: default@dest1
POSTHOOK: Lineage: dest1.c1 SIMPLE []
PREHOOK: query: EXPLAIN
#### A masked pattern was here ####
PREHOOK: type: QUERY
POSTHOOK: query: EXPLAIN
#### A masked pattern was here ####
POSTHOOK: type: QUERY
POSTHOOK: Lineage: dest1.c1 SIMPLE []
ABSTRACT SYNTAX TREE:
#### A masked pattern was here ####

STAGE DEPENDENCIES:
  Stage-1 is a root stage
  Stage-0 is a root stage

STAGE PLANS:
  Stage: Stage-1
    Map Reduce
      Alias -> Map Operator Tree:
        src_json 
          TableScan
            alias: src_json
            Select Operator
              expressions:
#### A masked pattern was here ####
                    type: string
              outputColumnNames: _col0
              File Output Operator
                compressed: false
                GlobalTableId: 0
                table:
                    input format: org.apache.hadoop.mapred.TextInputFormat
                    output format: org.apache.hadoop.hive.ql.io.HiveIgnoreKeyTextOutputFormat

  Stage: Stage-0
    Fetch Operator
      limit: -1


PREHOOK: query: SELECT get_json_object(src_json.json, '$') FROM src_json
PREHOOK: type: QUERY
PREHOOK: Input: default@src_json
#### A masked pattern was here ####
POSTHOOK: query: SELECT get_json_object(src_json.json, '$') FROM src_json
POSTHOOK: type: QUERY
POSTHOOK: Input: default@src_json
#### A masked pattern was here ####
POSTHOOK: Lineage: dest1.c1 SIMPLE []
#### A masked pattern was here ####
PREHOOK: type: QUERY
PREHOOK: Input: default@src_json
#### A masked pattern was here ####
POSTHOOK: type: QUERY
POSTHOOK: Input: default@src_json
#### A masked pattern was here ####
POSTHOOK: Lineage: dest1.c1 SIMPLE []
amy	{"fruit":[{"weight":8,"type":"apple"},{"weight":9,"type":"pear"}],"book":[{"author":"Nigel Rees","category":"reference","title":"Sayings of the Century","price":8.95},{"author":"Herman Melville","category":"fiction","title":"Moby Dick","price":8.99,"isbn":"0-553-21311-3"},{"author":"J. R. R. Tolkien","category":"fiction","title":"The Lord of the Rings","price":22.99,"reader":[{"name":"bob","age":25},{"name":"jack","age":26}],"isbn":"0-395-19395-8"}],"basket":[[1,2,{"b":"y","a":"x"}],[3,4],[5,6]],"bicycle":{"price":19.95,"color":"red"}}
PREHOOK: query: SELECT get_json_object(src_json.json, '$.store.bicycle'), get_json_object(src_json.json, '$.store.book') FROM src_json
PREHOOK: type: QUERY
PREHOOK: Input: default@src_json
#### A masked pattern was here ####
POSTHOOK: query: SELECT get_json_object(src_json.json, '$.store.bicycle'), get_json_object(src_json.json, '$.store.book') FROM src_json
POSTHOOK: type: QUERY
POSTHOOK: Input: default@src_json
#### A masked pattern was here ####
POSTHOOK: Lineage: dest1.c1 SIMPLE []
{"price":19.95,"color":"red"}	[{"author":"Nigel Rees","category":"reference","title":"Sayings of the Century","price":8.95},{"author":"Herman Melville","category":"fiction","title":"Moby Dick","price":8.99,"isbn":"0-553-21311-3"},{"author":"J. R. R. Tolkien","category":"fiction","title":"The Lord of the Rings","price":22.99,"reader":[{"name":"bob","age":25},{"name":"jack","age":26}],"isbn":"0-395-19395-8"}]
PREHOOK: query: SELECT get_json_object(src_json.json, '$.store.book[0]'), get_json_object(src_json.json, '$.store.book[*]') FROM src_json
PREHOOK: type: QUERY
PREHOOK: Input: default@src_json
#### A masked pattern was here ####
POSTHOOK: query: SELECT get_json_object(src_json.json, '$.store.book[0]'), get_json_object(src_json.json, '$.store.book[*]') FROM src_json
POSTHOOK: type: QUERY
POSTHOOK: Input: default@src_json
#### A masked pattern was here ####
POSTHOOK: Lineage: dest1.c1 SIMPLE []
{"author":"Nigel Rees","category":"reference","title":"Sayings of the Century","price":8.95}	[{"author":"Nigel Rees","category":"reference","title":"Sayings of the Century","price":8.95},{"author":"Herman Melville","category":"fiction","title":"Moby Dick","price":8.99,"isbn":"0-553-21311-3"},{"author":"J. R. R. Tolkien","category":"fiction","title":"The Lord of the Rings","price":22.99,"reader":[{"name":"bob","age":25},{"name":"jack","age":26}],"isbn":"0-395-19395-8"}]
PREHOOK: query: SELECT get_json_object(src_json.json, '$.store.book[0].category'), get_json_object(src_json.json, '$.store.book[*].category'), get_json_object(src_json.json, '$.store.book[*].isbn'), get_json_object(src_json.json, '$.store.book[*].reader') FROM src_json
PREHOOK: type: QUERY
PREHOOK: Input: default@src_json
#### A masked pattern was here ####
POSTHOOK: query: SELECT get_json_object(src_json.json, '$.store.book[0].category'), get_json_object(src_json.json, '$.store.book[*].category'), get_json_object(src_json.json, '$.store.book[*].isbn'), get_json_object(src_json.json, '$.store.book[*].reader') FROM src_json
POSTHOOK: type: QUERY
POSTHOOK: Input: default@src_json
#### A masked pattern was here ####
POSTHOOK: Lineage: dest1.c1 SIMPLE []
reference	["reference","fiction","fiction"]	["0-553-21311-3","0-395-19395-8"]	[{"name":"bob","age":25},{"name":"jack","age":26}]
PREHOOK: query: SELECT get_json_object(src_json.json, '$.store.book[*].reader[0].age'), get_json_object(src_json.json, '$.store.book[*].reader[*].age')  FROM src_json
PREHOOK: type: QUERY
PREHOOK: Input: default@src_json
#### A masked pattern was here ####
POSTHOOK: query: SELECT get_json_object(src_json.json, '$.store.book[*].reader[0].age'), get_json_object(src_json.json, '$.store.book[*].reader[*].age')  FROM src_json
POSTHOOK: type: QUERY
POSTHOOK: Input: default@src_json
#### A masked pattern was here ####
POSTHOOK: Lineage: dest1.c1 SIMPLE []
25	[25,26]
PREHOOK: query: SELECT get_json_object(src_json.json, '$.store.basket[0][1]'), get_json_object(src_json.json, '$.store.basket[*]'), get_json_object(src_json.json, '$.store.basket[*][0]'), get_json_object(src_json.json, '$.store.basket[0][*]'), get_json_object(src_json.json, '$.store.basket[*][*]'), get_json_object(src_json.json, '$.store.basket[0][2].b'), get_json_object(src_json.json, '$.store.basket[0][*].b') FROM src_json
PREHOOK: type: QUERY
PREHOOK: Input: default@src_json
#### A masked pattern was here ####
POSTHOOK: query: SELECT get_json_object(src_json.json, '$.store.basket[0][1]'), get_json_object(src_json.json, '$.store.basket[*]'), get_json_object(src_json.json, '$.store.basket[*][0]'), get_json_object(src_json.json, '$.store.basket[0][*]'), get_json_object(src_json.json, '$.store.basket[*][*]'), get_json_object(src_json.json, '$.store.basket[0][2].b'), get_json_object(src_json.json, '$.store.basket[0][*].b') FROM src_json
POSTHOOK: type: QUERY
POSTHOOK: Input: default@src_json
#### A masked pattern was here ####
POSTHOOK: Lineage: dest1.c1 SIMPLE []
2	[[1,2,{"b":"y","a":"x"}],[3,4],[5,6]]	1	[1,2,{"b":"y","a":"x"}]	[1,2,{"b":"y","a":"x"},3,4,5,6]	y	["y"]
PREHOOK: query: SELECT get_json_object(src_json.json, '$.non_exist_key'),  get_json_object(src_json.json, '$..no_recursive'), get_json_object(src_json.json, '$.store.book[10]'), get_json_object(src_json.json, '$.store.book[0].non_exist_key'), get_json_object(src_json.json, '$.store.basket[*].non_exist_key'), get_json_object(src_json.json, '$.store.basket[0][*].non_exist_key') FROM src_json
PREHOOK: type: QUERY
PREHOOK: Input: default@src_json
#### A masked pattern was here ####
POSTHOOK: query: SELECT get_json_object(src_json.json, '$.non_exist_key'),  get_json_object(src_json.json, '$..no_recursive'), get_json_object(src_json.json, '$.store.book[10]'), get_json_object(src_json.json, '$.store.book[0].non_exist_key'), get_json_object(src_json.json, '$.store.basket[*].non_exist_key'), get_json_object(src_json.json, '$.store.basket[0][*].non_exist_key') FROM src_json
POSTHOOK: type: QUERY
POSTHOOK: Input: default@src_json
#### A masked pattern was here ####
POSTHOOK: Lineage: dest1.c1 SIMPLE []
NULL	NULL	NULL	NULL	NULL	NULL
