PREHOOK: query: create table t1 (a STRING,b STRING,c INT,d INT,e INT) row format delimited fields terminated by ',' stored as textfile
PREHOOK: type: CREATETABLE
POSTHOOK: query: create table t1 (a STRING,b STRING,c INT,d INT,e INT) row format delimited fields terminated by ',' stored as textfile
POSTHOOK: type: CREATETABLE
POSTHOOK: Output: default@t1
PREHOOK: query: load data local inpath '../data/files/sql/sql_t1.txt' into table t1
PREHOOK: type: LOAD
PREHOOK: Output: default@t1
POSTHOOK: query: load data local inpath '../data/files/sql/sql_t1.txt' into table t1
POSTHOOK: type: LOAD
POSTHOOK: Output: default@t1
PREHOOK: query: create table t2 (x STRING,y STRING) row format delimited fields terminated by ',' stored as textfile
PREHOOK: type: CREATETABLE
POSTHOOK: query: create table t2 (x STRING,y STRING) row format delimited fields terminated by ',' stored as textfile
POSTHOOK: type: CREATETABLE
POSTHOOK: Output: default@t2
PREHOOK: query: load data local inpath '../data/files/sql/sql_t2.txt' into table t2
PREHOOK: type: LOAD
PREHOOK: Output: default@t2
POSTHOOK: query: load data local inpath '../data/files/sql/sql_t2.txt' into table t2
POSTHOOK: type: LOAD
POSTHOOK: Output: default@t2
PREHOOK: query: select a,b,c,d,e from t1 where exists ( select * from t2 where t1.b = t2.y )
PREHOOK: type: QUERY
PREHOOK: Input: default@t1
PREHOOK: Input: default@t2
#### A masked pattern was here ####
POSTHOOK: query: select a,b,c,d,e from t1 where exists ( select * from t2 where t1.b = t2.y )
POSTHOOK: type: QUERY
POSTHOOK: Input: default@t1
POSTHOOK: Input: default@t2
#### A masked pattern was here ####
hello	world1	10	20	30
hello	world2	100	200	300
hello1	world1	11	21	31
hello1	world2	101	201	301
hello2	world1	12	22	32
hello2	world2	102	202	302
